// Jest Snapshot v1, https://goo.gl/fbAQLP

exports[`<DataGeneratorPanel/> Create Snapshot 1`] = `
<ContextConsumer>
  <Component />
</ContextConsumer>
`;
