// Jest Snapshot v1, https://goo.gl/fbAQLP

exports[`<Main /> Snapshot 1`] = `
<div
  style={
    Object {
      "textAlign": "center",
    }
  }
>
  <div
    className="container-fluid"
  >
    <div
      className="row justify-content-md-center"
    >
      <div
        className="col-sm-3"
        style={
          Object {
            "height": "100%",
          }
        }
      >
        <CommandPanel
          plan={
            Object {
              "bank_names": Object {
                "1": Object {
                  "channels": Object {
                    "1": "",
                    "2": "",
                    "3": "",
                    "4": "",
                    "5": "",
                    "6": "",
                    "7": "",
                    "8": "",
                  },
                  "name": "",
                },
                "2": Object {
                  "channels": Object {
                    "1": "",
                    "2": "",
                    "3": "",
                    "4": "",
                    "5": "",
                    "6": "",
                    "7": "",
                    "8": "",
                  },
                  "name": "",
                },
                "3": Object {
                  "channels": Object {
                    "1": "",
                    "2": "",
                    "3": "",
                    "4": "",
                    "5": "",
                    "6": "",
                    "7": "",
                    "8": "",
                  },
                  "name": "",
                },
                "4": Object {
                  "channels": Object {
                    "1": "",
                    "2": "",
                    "3": "",
                    "4": "",
                    "5": "",
                    "6": "",
                    "7": "",
                    "8": "",
                  },
                  "name": "",
                },
              },
              "current_step": 1,
              "focus": Object {
                "column": 0,
                "row": 0,
              },
              "last_step": 0,
              "max_steps": 10,
              "num_plan_files": 0,
              "panel_to_show": 0,
              "plan_filename": "",
              "plan_files": Object {},
              "steps": Object {},
            }
          }
          uistatus={Object {}}
          ws_sender={[Function]}
        />
      </div>
      <div
        className="col-sm-9"
        style={
          Object {
            "display": "grid",
            "gridTemplateColumns": "1fr",
          }
        }
      >
        <div
          style={
            Object {
              "gridColumnStart": "1",
              "gridRowStart": "1",
              "padding": "10px",
            }
          }
        />
      </div>
    </div>
  </div>
  <Modal
    animationDuration={500}
    blockScroll={true}
    center={true}
    classNames={Object {}}
    classes={
      Object {
        "closeButton": "styles_closeButton__20ID4",
        "closeIcon": "styles_closeIcon__1QwbI",
        "modal": "styles_modal__gNwvD",
        "modalCenter": "styles_modalCenter__L9F2w",
        "overlay": "styles_overlay__CLSq-",
        "transitionEnter": "styles_transitionEnter__3j_-a",
        "transitionEnterActive": "styles_transitionEnterActive___eQs7",
        "transitionExit": "styles_transitionExit__1KmEf",
        "transitionExitActive": "styles_transitionExitActive__1nQXw",
      }
    }
    closeIconSize={28}
    closeIconSvgPath={
      <path
        d="M28.5 9.62L26.38 7.5 18 15.88 9.62 7.5 7.5 9.62 15.88 18 7.5 26.38l2.12 2.12L18 20.12l8.38 8.38 2.12-2.12L20.12 18z"
      />
    }
    closeOnEsc={true}
    closeOnOverlayClick={true}
    focusTrapOptions={Object {}}
    focusTrapped={true}
    onClose={[Function]}
    open={false}
    role="dialog"
    showCloseIcon={true}
    styles={
      Object {
        "overlay": Object {
          "color": "black",
        },
      }
    }
  >
    <div
      style={
        Object {
          "margin": "20px",
        }
      }
    >
      <div
        dangerouslySetInnerHTML={
          Object {
            "__html": "",
          }
        }
      />
    </div>
  </Modal>
  <ToastContainer
    autoClose={5000}
    bodyClassName={null}
    className={null}
    closeButton={
      <CloseButton
        ariaLabel="close"
      />
    }
    closeOnClick={true}
    draggable={true}
    draggablePercent={80}
    hideProgressBar={false}
    newestOnTop={false}
    pauseOnFocusLoss={true}
    pauseOnHover={true}
    position="top-right"
    progressClassName={null}
    progressStyle={null}
    role="alert"
    rtl={false}
    style={null}
    toastClassName={null}
    transition={[Function]}
  />
</div>
`;
